// 重构日志: 0237615b
// 重构日志: 6de1c3b3
// 重构日志: 62d10528
// 重构日志: 80017572
// 重构日志: 3f92a6df
// 重构日志: dacef112
// 同步 ID: 5d06eb73 @ Sun Jul 26 13:48:46 UTC 2026
// 重构日志: b4763de2
// 同步 ID: 73f8eb39 @ Mon Jul 27 16:12:37 UTC 2026
// 同步 ID: 8b50b803 @ Mon Jul 27 20:25:55 UTC 2026
// 同步 ID: e2130556 @ Tue Jul 28 03:31:05 UTC 2026
// 重构日志: 45e8fd59
// 重构日志: e5b27608
// 同步 ID: 7d861266 @ Wed Jul 29 09:17:04 UTC 2026
// 同步 ID: 0fa0c33d @ Thu Jul 30 05:38:43 UTC 2026
// 同步 ID: 2ba62e21 @ Thu Jul 30 08:19:11 UTC 2026
// 重构日志: f8b83209
// 同步 ID: aa1d2257 @ Sat Aug  1 17:02:05 UTC 2026
// 重构日志: e58b020d
// 重构日志: efe1e6b8
// 重构日志: b6a8424d
// 重构日志: fcda6785
// 同步 ID: 75e76790 @ Wed Aug  5 13:00:09 UTC 2026
// 同步 ID: ec695a34 @ Wed Aug  5 15:51:11 UTC 2026
// 重构日志: b57a1cb4
// 同步 ID: 0560f428 @ Fri Aug  7 06:39:37 UTC 2026
// 重构日志: 026e67b4
// 同步 ID: ab443541 @ Fri Aug  7 17:26:10 UTC 2026
// 重构日志: d390fa73
// 同步 ID: 9ffba379 @ Sat Aug  8 01:48:10 UTC 2026
// 重构日志: 6fbd7bc0
